This is XeTeX, Version 3.141592653-2.6-0.999995 (MiKTeX 24.1) (preloaded format=xelatex 2026.3.21)  20 MAY 2026 23:09
entering extended mode
 restricted \write18 enabled.
 %&-line parsing enabled.
**./cover.tex
(cover.tex
LaTeX2e <2025-11-01>
L3 programming layer <2026-01-19>

! LaTeX Error: Environment titlepage undefined.

See the LaTeX manual or LaTeX Companion for explanation.
Type  H <return>  for immediate help.
 ...                                              
                                                  
l.1 \begin{titlepage}
                     
Your command was ignored.
Type  I <command> <return>  to replace it with another command,
or  <return>  to continue without it.


! LaTeX Error: Environment tikzpicture undefined.

See the LaTeX manual or LaTeX Companion for explanation.
Type  H <return>  for immediate help.
 ...                                              
                                                  
l.2 \begin{tikzpicture}
                       [remember picture,overlay]
Your command was ignored.
Type  I <command> <return>  to replace it with another command,
or  <return>  to continue without it.


! LaTeX Error: Missing \begin{document}.

See the LaTeX manual or LaTeX Companion for explanation.
Type  H <return>  for immediate help.
 ...                                              
                                                  
l.2 \begin{tikzpicture}[
                        remember picture,overlay]
You're in trouble here.  Try typing  <return>  to proceed.
If that doesn't work, type  X <return>  to quit.

Missing character: There is no [ in font nullfont!
Missing character: There is no r in font nullfont!
Missing character: There is no e in font nullfont!
Missing character: There is no m in font nullfont!
Missing character: There is no e in font nullfont!
Missing character: There is no m in font nullfont!
Missing character: There is no b in font nullfont!
Missing character: There is no e in font nullfont!
Missing character: There is no r in font nullfont!
Missing character: There is no p in font nullfont!
Missing character: There is no i in font nullfont!
Missing character: There is no c in font nullfont!
Missing character: There is no t in font nullfont!
Missing character: There is no u in font nullfont!
Missing character: There is no r in font nullfont!
Missing character: There is no e in font nullfont!
Missing character: There is no , in font nullfont!
Missing character: There is no o in font nullfont!
Missing character: There is no v in font nullfont!
Missing character: There is no e in font nullfont!
Missing character: There is no r in font nullfont!
Missing character: There is no l in font nullfont!
Missing character: There is no a in font nullfont!
Missing character: There is no y in font nullfont!
Missing character: There is no ] in font nullfont!
! Undefined control sequence.
l.4 \draw
         [line width=5pt, blue!50!black]
The control sequence at the end of the top line
of your error message was never \def'ed. If you have
misspelled it (e.g., `\hobx'), type `I' and the correct
spelling (e.g., `I\hbox'). Otherwise just continue,
and I'll forget about whatever was undefined.

Missing character: There is no [ in font nullfont!
Missing character: There is no l in font nullfont!
Missing character: There is no i in font nullfont!
Missing character: There is no n in font nullfont!
Missing character: There is no e in font nullfont!
Missing character: There is no w in font nullfont!
Missing character: There is no i in font nullfont!
Missing character: There is no d in font nullfont!
Missing character: There is no t in font nullfont!
Missing character: There is no h in font nullfont!
Missing character: There is no = in font nullfont!
Missing character: There is no 5 in font nullfont!
Missing character: There is no p in font nullfont!
Missing character: There is no t in font nullfont!
Missing character: There is no , in font nullfont!
Missing character: There is no b in font nullfont!
Missing character: There is no l in font nullfont!
Missing character: There is no u in font nullfont!
Missing character: There is no e in font nullfont!
Missing character: There is no ! in font nullfont!
Missing character: There is no 5 in font nullfont!
Missing character: There is no 0 in font nullfont!
Missing character: There is no ! in font nullfont!
Missing character: There is no b in font nullfont!
Missing character: There is no l in font nullfont!
Missing character: There is no a in font nullfont!
Missing character: There is no c in font nullfont!
Missing character: There is no k in font nullfont!
Missing character: There is no ] in font nullfont!
Missing character: There is no ( in font nullfont!
Missing character: There is no [ in font nullfont!
Missing character: There is no s in font nullfont!
Missing character: There is no h in font nullfont!
Missing character: There is no i in font nullfont!
Missing character: There is no f in font nullfont!
Missing character: There is no t in font nullfont!
Missing character: There is no = in font nullfont!
Missing character: There is no ( in font nullfont!
Missing character: There is no 1 in font nullfont!
Missing character: There is no . in font nullfont!
Missing character: There is no 5 in font nullfont!
Missing character: There is no c in font nullfont!
Missing character: There is no m in font nullfont!
Missing character: There is no , in font nullfont!
Missing character: There is no - in font nullfont!
Missing character: There is no 1 in font nullfont!
Missing character: There is no . in font nullfont!
Missing character: There is no 5 in font nullfont!
Missing character: There is no c in font nullfont!
Missing character: There is no m in font nullfont!
Missing character: There is no ) in font nullfont!
Missing character: There is no ] in font nullfont!
Missing character: There is no c in font nullfont!
Missing character: There is no u in font nullfont!
Missing character: There is no r in font nullfont!
Missing character: There is no r in font nullfont!
Missing character: There is no e in font nullfont!
Missing character: There is no n in font nullfont!
Missing character: There is no t in font nullfont!
Missing character: There is no p in font nullfont!
Missing character: There is no a in font nullfont!
Missing character: There is no g in font nullfont!
Missing character: There is no e in font nullfont!
Missing character: There is no . in font nullfont!
Missing character: There is no n in font nullfont!
Missing character: There is no o in font nullfont!
Missing character: There is no r in font nullfont!
Missing character: There is no t in font nullfont!
Missing character: There is no h in font nullfont!
Missing character: There is no w in font nullfont!
Missing character: There is no e in font nullfont!
Missing character: There is no s in font nullfont!
Missing character: There is no t in font nullfont!
Missing character: There is no ) in font nullfont!
Missing character: There is no r in font nullfont!
Missing character: There is no e in font nullfont!
Missing character: There is no c in font nullfont!
Missing character: There is no t in font nullfont!
Missing character: There is no a in font nullfont!
Missing character: There is no n in font nullfont!
Missing character: There is no g in font nullfont!
Missing character: There is no l in font nullfont!
Missing character: There is no e in font nullfont!
Missing character: There is no ( in font nullfont!
Missing character: There is no [ in font nullfont!
Missing character: There is no s in font nullfont!
Missing character: There is no h in font nullfont!
Missing character: There is no i in font nullfont!
Missing character: There is no f in font nullfont!
Missing character: There is no t in font nullfont!
Missing character: There is no = in font nullfont!
Missing character: There is no ( in font nullfont!
Missing character: There is no - in font nullfont!
Missing character: There is no 1 in font nullfont!
Missing character: There is no . in font nullfont!
Missing character: There is no 5 in font nullfont!
Missing character: There is no c in font nullfont!
Missing character: There is no m in font nullfont!
Missing character: There is no , in font nullfont!
Missing character: There is no 1 in font nullfont!
Missing character: There is no . in font nullfont!
Missing character: There is no 5 in font nullfont!
Missing character: There is no c in font nullfont!
Missing character: There is no m in font nullfont!
Missing character: There is no ) in font nullfont!
Missing character: There is no ] in font nullfont!
Missing character: There is no c in font nullfont!
Missing character: There is no u in font nullfont!
Missing character: There is no r in font nullfont!
Missing character: There is no r in font nullfont!
Missing character: There is no e in font nullfont!
Missing character: There is no n in font nullfont!
Missing character: There is no t in font nullfont!
Missing character: There is no p in font nullfont!
Missing character: There is no a in font nullfont!
Missing character: There is no g in font nullfont!
Missing character: There is no e in font nullfont!
Missing character: There is no . in font nullfont!
Missing character: There is no s in font nullfont!
Missing character: There is no o in font nullfont!
Missing character: There is no u in font nullfont!
Missing character: There is no t in font nullfont!
Missing character: There is no h in font nullfont!
Missing character: There is no e in font nullfont!
Missing character: There is no a in font nullfont!
Missing character: There is no s in font nullfont!
Missing character: There is no t in font nullfont!
Missing character: There is no ) in font nullfont!
Missing character: There is no ; in font nullfont!
! Undefined control sequence.
l.8 \draw
         [line width=0.8pt, blue!50!black]
The control sequence at the end of the top line
of your error message was never \def'ed. If you have
misspelled it (e.g., `\hobx'), type `I' and the correct
spelling (e.g., `I\hbox'). Otherwise just continue,
and I'll forget about whatever was undefined.

Missing character: There is no [ in font nullfont!
Missing character: There is no l in font nullfont!
Missing character: There is no i in font nullfont!
Missing character: There is no n in font nullfont!
Missing character: There is no e in font nullfont!
Missing character: There is no w in font nullfont!
Missing character: There is no i in font nullfont!
Missing character: There is no d in font nullfont!
Missing character: There is no t in font nullfont!
Missing character: There is no h in font nullfont!
Missing character: There is no = in font nullfont!
Missing character: There is no 0 in font nullfont!
Missing character: There is no . in font nullfont!
Missing character: There is no 8 in font nullfont!
Missing character: There is no p in font nullfont!
Missing character: There is no t in font nullfont!
Missing character: There is no , in font nullfont!
Missing character: There is no b in font nullfont!
Missing character: There is no l in font nullfont!
Missing character: There is no u in font nullfont!
Missing character: There is no e in font nullfont!
Missing character: There is no ! in font nullfont!
Missing character: There is no 5 in font nullfont!
Missing character: There is no 0 in font nullfont!
Missing character: There is no ! in font nullfont!
Missing character: There is no b in font nullfont!
Missing character: There is no l in font nullfont!
Missing character: There is no a in font nullfont!
Missing character: There is no c in font nullfont!
Missing character: There is no k in font nullfont!
Missing character: There is no ] in font nullfont!
Missing character: There is no ( in font nullfont!
Missing character: There is no [ in font nullfont!
Missing character: There is no s in font nullfont!
Missing character: There is no h in font nullfont!
Missing character: There is no i in font nullfont!
Missing character: There is no f in font nullfont!
Missing character: There is no t in font nullfont!
Missing character: There is no = in font nullfont!
Missing character: There is no ( in font nullfont!
Missing character: There is no 1 in font nullfont!
Missing character: There is no . in font nullfont!
Missing character: There is no 8 in font nullfont!
Missing character: There is no c in font nullfont!
Missing character: There is no m in font nullfont!
Missing character: There is no , in font nullfont!
Missing character: There is no - in font nullfont!
Missing character: There is no 1 in font nullfont!
Missing character: There is no . in font nullfont!
Missing character: There is no 8 in font nullfont!
Missing character: There is no c in font nullfont!
Missing character: There is no m in font nullfont!
Missing character: There is no ) in font nullfont!
Missing character: There is no ] in font nullfont!
Missing character: There is no c in font nullfont!
Missing character: There is no u in font nullfont!
Missing character: There is no r in font nullfont!
Missing character: There is no r in font nullfont!
Missing character: There is no e in font nullfont!
Missing character: There is no n in font nullfont!
Missing character: There is no t in font nullfont!
Missing character: There is no p in font nullfont!
Missing character: There is no a in font nullfont!
Missing character: There is no g in font nullfont!
Missing character: There is no e in font nullfont!
Missing character: There is no . in font nullfont!
Missing character: There is no n in font nullfont!
Missing character: There is no o in font nullfont!
Missing character: There is no r in font nullfont!
Missing character: There is no t in font nullfont!
Missing character: There is no h in font nullfont!
Missing character: There is no w in font nullfont!
Missing character: There is no e in font nullfont!
Missing character: There is no s in font nullfont!
Missing character: There is no t in font nullfont!
Missing character: There is no ) in font nullfont!
Missing character: There is no r in font nullfont!
Missing character: There is no e in font nullfont!
Missing character: There is no c in font nullfont!
Missing character: There is no t in font nullfont!
Missing character: There is no a in font nullfont!
Missing character: There is no n in font nullfont!
Missing character: There is no g in font nullfont!
Missing character: There is no l in font nullfont!
Missing character: There is no e in font nullfont!
Missing character: There is no ( in font nullfont!
Missing character: There is no [ in font nullfont!
Missing character: There is no s in font nullfont!
Missing character: There is no h in font nullfont!
Missing character: There is no i in font nullfont!
Missing character: There is no f in font nullfont!
Missing character: There is no t in font nullfont!
Missing character: There is no = in font nullfont!
Missing character: There is no ( in font nullfont!
Missing character: There is no - in font nullfont!
Missing character: There is no 1 in font nullfont!
Missing character: There is no . in font nullfont!
Missing character: There is no 8 in font nullfont!
Missing character: There is no c in font nullfont!
Missing character: There is no m in font nullfont!
Missing character: There is no , in font nullfont!
Missing character: There is no 1 in font nullfont!
Missing character: There is no . in font nullfont!
Missing character: There is no 8 in font nullfont!
Missing character: There is no c in font nullfont!
Missing character: There is no m in font nullfont!
Missing character: There is no ) in font nullfont!
Missing character: There is no ] in font nullfont!
Missing character: There is no c in font nullfont!
Missing character: There is no u in font nullfont!
Missing character: There is no r in font nullfont!
Missing character: There is no r in font nullfont!
Missing character: There is no e in font nullfont!
Missing character: There is no n in font nullfont!
Missing character: There is no t in font nullfont!
Missing character: There is no p in font nullfont!
Missing character: There is no a in font nullfont!
Missing character: There is no g in font nullfont!
Missing character: There is no e in font nullfont!
Missing character: There is no . in font nullfont!
Missing character: There is no s in font nullfont!
Missing character: There is no o in font nullfont!
Missing character: There is no u in font nullfont!
Missing character: There is no t in font nullfont!
Missing character: There is no h in font nullfont!
Missing character: There is no e in font nullfont!
Missing character: There is no a in font nullfont!
Missing character: There is no s in font nullfont!
Missing character: There is no t in font nullfont!
Missing character: There is no ) in font nullfont!
Missing character: There is no ; in font nullfont!

! LaTeX Error: \begin{document} ended by \end{tikzpicture}.

See the LaTeX manual or LaTeX Companion for explanation.
Type  H <return>  for immediate help.
 ...                                              
                                                  
l.11 \end{tikzpicture}
                      
Your command was ignored.
Type  I <command> <return>  to replace it with another command,
or  <return>  to continue without it.


Overfull \hbox (20.0pt too wide) in paragraph at lines 2--12
[]
 []


! LaTeX Error: Missing \begin{document}.

See the LaTeX manual or LaTeX Companion for explanation.
Type  H <return>  for immediate help.
 ...                                              
                                                  
l.13 \begin{center}
                   
You're in trouble here.  Try typing  <return>  to proceed.
If that doesn't work, type  X <return>  to quit.


Overfull \hbox (20.0pt too wide) in paragraph at lines 13--13
[] 
 []


Overfull \hbox (66.222pt too wide) in paragraph at lines 16--16
 \TU/lmr/bx/n/13 TRƯỜNG 
 []


Overfull \hbox (27.3pt too wide) in paragraph at lines 16--16
 \TU/lmr/bx/n/13 ĐẠI 
 []


Overfull \hbox (32.994pt too wide) in paragraph at lines 16--16
 \TU/lmr/bx/n/13 HỌC 
 []


Overfull \hbox (38.571pt too wide) in paragraph at lines 16--16
 \TU/lmr/bx/n/13 GIAO 
 []


Overfull \hbox (55.523pt too wide) in paragraph at lines 16--16
 \TU/lmr/bx/n/13 THÔNG 
 []


Overfull \hbox (31.91501pt too wide) in paragraph at lines 16--16
 \TU/lmr/bx/n/13 VẬN 
 []


Overfull \hbox (25.441pt too wide) in paragraph at lines 16--16
 \TU/lmr/bx/n/13 TẢI 
 []


Overfull \hbox (23.01pt too wide) in paragraph at lines 16--16
 \TU/lmr/bx/n/13 TP. 
 []


Overfull \hbox (22.425pt too wide) in paragraph at lines 16--16
 \TU/lmr/bx/n/13 HỒ 
 []


Overfull \hbox (27.456pt too wide) in paragraph at lines 16--16
 \TU/lmr/bx/n/13 CHÍ 
 []


Overfull \hbox (42.198pt too wide) in paragraph at lines 16--16
 \TU/lmr/bx/n/13 MINH 
 []


Overfull \hbox (37.531pt too wide) in paragraph at lines 17--18
 []\TU/lmr/bx/n/13 VIỆN 
 []


Overfull \hbox (42.341pt too wide) in paragraph at lines 17--18
 \TU/lmr/bx/n/13 CNTT 
 []


Overfull \hbox (20.475pt too wide) in paragraph at lines 17--18
 \TU/lmr/bx/n/13 VÀ 
 []


Overfull \hbox (41.756pt too wide) in paragraph at lines 17--18
 \TU/lmr/bx/n/13 ĐIỆN, 
 []


Overfull \hbox (37.687pt too wide) in paragraph at lines 17--18
 \TU/lmr/bx/n/13 ĐIỆN 
 []


Overfull \hbox (21.398pt too wide) in paragraph at lines 17--18
 \TU/lmr/bx/n/13 TỬ 
 []


Overfull \hbox (55.607pt too wide) in paragraph at lines 21--22
 []\TU/lmr/bx/n/17 LUẬN 
 []


Overfull \hbox (41.735pt too wide) in paragraph at lines 21--22
 \TU/lmr/bx/n/17 VĂN 
 []


Overfull \hbox (40.953pt too wide) in paragraph at lines 21--22
 \TU/lmr/bx/n/17 TỐT 
 []


Overfull \hbox (77.69pt too wide) in paragraph at lines 21--22
 \TU/lmr/bx/n/17 NGHIỆP 
 []

! Undefined control sequence.
l.24 \includegraphics
                     [width=0.8\textwidth]{graphics/front/logo_uth.png}
The control sequence at the end of the top line
of your error message was never \def'ed. If you have
misspelled it (e.g., `\hobx'), type `I' and the correct
spelling (e.g., `I\hbox'). Otherwise just continue,
and I'll forget about whatever was undefined.

Missing character: There is no [ in font nullfont!
Missing character: There is no w in font nullfont!
Missing character: There is no i in font nullfont!
Missing character: There is no d in font nullfont!
Missing character: There is no t in font nullfont!
Missing character: There is no h in font nullfont!
Missing character: There is no = in font nullfont!
Missing character: There is no 0 in font nullfont!
Missing character: There is no . in font nullfont!
Missing character: There is no 8 in font nullfont!
! Missing number, treated as zero.
<to be read again> 
                   ]
l.24 \includegraphics[width=0.8\textwidth]
                                          {graphics/front/logo_uth.png}
A number should have been here; I inserted `0'.
(If you can't figure out why I needed to see a number,
look up `weird error' in the index to The TeXbook.)

! Illegal unit of measure (pt inserted).
<to be read again> 
                   ]
l.24 \includegraphics[width=0.8\textwidth]
                                          {graphics/front/logo_uth.png}
Dimensions can be in units of em, ex, in, pt, pc,
cm, mm, dd, cc, bp, or sp; but yours is a new one!
I'll assume that you meant to say pt, for printer's points.
To recover gracefully from this error, it's best to
delete the erroneous units; e.g., type `2' to delete
two letters. (See Chapter 27 of The TeXbook.)

Missing character: There is no ] in font nullfont!
Missing character: There is no g in font nullfont!
Missing character: There is no r in font nullfont!
Missing character: There is no a in font nullfont!
Missing character: There is no p in font nullfont!
Missing character: There is no h in font nullfont!
Missing character: There is no i in font nullfont!
Missing character: There is no c in font nullfont!
Missing character: There is no s in font nullfont!
Missing character: There is no / in font nullfont!
Missing character: There is no f in font nullfont!
Missing character: There is no r in font nullfont!
Missing character: There is no o in font nullfont!
Missing character: There is no n in font nullfont!
Missing character: There is no t in font nullfont!
Missing character: There is no / in font nullfont!
Missing character: There is no l in font nullfont!
Missing character: There is no o in font nullfont!
Missing character: There is no g in font nullfont!
Missing character: There is no o in font nullfont!
! Missing $ inserted.
<inserted text> 
                $
l.24 ...[width=0.8\textwidth]{graphics/front/logo_
                                                  uth.png}
I've inserted a begin-math/end-math symbol since I think
you left one out. Proceed, with fingers crossed.

LaTeX Font Info:    External font `cmex10' loaded for size
(Font)              <7> on input line 24.
LaTeX Font Info:    External font `cmex10' loaded for size
(Font)              <5> on input line 24.
! Extra }, or forgotten $.
l.24 ....8\textwidth]{graphics/front/logo_uth.png}
                                                  
I've deleted a group-closing symbol because it seems to be
spurious, as in `$x}$'. But perhaps the } is legitimate and
you forgot something else, as in `\hbox{$x}'. In such cases
the way to recover is to insert both the forgotten and the
deleted material, e.g., by typing `I$}'.

! Missing $ inserted.
<inserted text> 
                $
l.25 
     
I've inserted a begin-math/end-math symbol since I think
you left one out. Proceed, with fingers crossed.

! Missing } inserted.
<inserted text> 
                }
l.25 
     
I've inserted something that you may have forgotten.
(See the <inserted text> above.)
With luck, this will get me unwedged. But if you
really didn't forget anything, try typing `2' now; then
my insertion and my current dilemma will both disappear.


Overfull \hbox (33.5406pt too wide) in paragraph at lines 24--25
 []$[]\OML/cmm/m/it/10 th:png[]$ 
 []


Overfull \hbox (44.618pt too wide) in paragraph at lines 28--28
 []\TU/lmr/bx/n/14 PHÁT 
 []


Overfull \hbox (51.212pt too wide) in paragraph at lines 28--28
 \TU/lmr/bx/n/14 TRIỂN 
 []


Overfull \hbox (22.65201pt too wide) in paragraph at lines 28--28
 \TU/lmr/bx/n/14 HỆ 
 []


Overfull \hbox (59.794pt too wide) in paragraph at lines 28--28
 \TU/lmr/bx/n/14 THỐNG 
 []


Overfull \hbox (71.89pt too wide) in paragraph at lines 28--28
 \TU/lmr/bx/n/14 THƯƠNG 
 []


Overfull \hbox (32.704pt too wide) in paragraph at lines 28--28
 \TU/lmr/bx/n/14 MẠI 
 []


Overfull \hbox (40.586pt too wide) in paragraph at lines 28--28
 \TU/lmr/bx/n/14 ĐIỆN 
 []


Overfull \hbox (23.044pt too wide) in paragraph at lines 28--28
 \TU/lmr/bx/n/14 TỬ 
 []


Overfull \hbox (40.516pt too wide) in paragraph at lines 29--29
 []\TU/lmr/bx/n/14 TÍCH 
 []


Overfull \hbox (34.916pt too wide) in paragraph at lines 29--29
 \TU/lmr/bx/n/14 HỢP 
 []


Overfull \hbox (47.18001pt too wide) in paragraph at lines 29--29
 \TU/lmr/bx/n/14 CHỨC 
 []


Overfull \hbox (48.916pt too wide) in paragraph at lines 29--29
 \TU/lmr/bx/n/14 NĂNG 
 []


Overfull \hbox (35.364pt too wide) in paragraph at lines 29--29
 \TU/lmr/bx/n/14 THỬ 
 []


Overfull \hbox (48.16pt too wide) in paragraph at lines 29--29
 \TU/lmr/bx/n/14 QUẦN 
 []


Overfull \hbox (23.296pt too wide) in paragraph at lines 29--29
 \TU/lmr/bx/n/14 ÁO 
 []


Overfull \hbox (23.296pt too wide) in paragraph at lines 29--29
 \TU/lmr/bx/n/14 ẢO 
 []


Overfull \hbox (20.84601pt too wide) in paragraph at lines 30--31
 []\TU/lmr/bx/n/14 SỬ 
 []


Overfull \hbox (48.87401pt too wide) in paragraph at lines 30--31
 \TU/lmr/bx/n/14 DỤNG 
 []


Overfull \hbox (43.40001pt too wide) in paragraph at lines 30--31
 \TU/lmr/bx/n/14 COM- 
 []


Overfull \hbox (55.90201pt too wide) in paragraph at lines 30--31
 \TU/lmr/bx/n/14 PUTER 
 []


Overfull \hbox (23.016pt too wide) in paragraph at lines 30--31
 \TU/lmr/bx/n/14 VI- 
 []


Overfull \hbox (38.766pt too wide) in paragraph at lines 30--31
 \TU/lmr/bx/n/14 SION 
 []


Overfull \hbox (22.05pt too wide) in paragraph at lines 30--31
 \TU/lmr/bx/n/14 VÀ 
 []


Overfull \hbox (41.202pt too wide) in paragraph at lines 30--31
 \TU/lmr/bx/n/14 AUG- 
 []


Overfull \hbox (70.938pt too wide) in paragraph at lines 30--31
 \TU/lmr/bx/n/14 MENTED 
 []


Overfull \hbox (27.328pt too wide) in paragraph at lines 30--31
 \TU/lmr/bx/n/14 RE- 
 []


Overfull \hbox (26.614pt too wide) in paragraph at lines 30--31
 \TU/lmr/bx/n/14 AL- 
 []


Overfull \hbox (28.714pt too wide) in paragraph at lines 30--31
 \TU/lmr/bx/n/14 ITY 
 []

LaTeX Font Info:    Calculating math sizes for size <13> on input line 34.

LaTeX Font Warning: Font shape `OT1/cmr/m/n' in size <13> not available
(Font)              size <12> substituted on input line 34.


LaTeX Font Warning: Font shape `OT1/cmr/m/n' in size <6.5> not available
(Font)              size <6> substituted on input line 34.


LaTeX Font Warning: Font shape `OML/cmm/m/it' in size <13> not available
(Font)              size <12> substituted on input line 34.


LaTeX Font Warning: Font shape `OML/cmm/m/it' in size <6.5> not available
(Font)              size <6> substituted on input line 34.


LaTeX Font Warning: Font shape `OMS/cmsy/m/n' in size <13> not available
(Font)              size <12> substituted on input line 34.


LaTeX Font Warning: Font shape `OMS/cmsy/m/n' in size <6.5> not available
(Font)              size <6> substituted on input line 34.

LaTeX Font Info:    External font `cmex10' loaded for size
(Font)              <13> on input line 34.
LaTeX Font Info:    External font `cmex10' loaded for size
(Font)              <9.09996> on input line 34.
LaTeX Font Info:    External font `cmex10' loaded for size
(Font)              <6.5> on input line 34.

Overfull \hbox (269.46405pt too wide) in paragraph at lines 34--38
 [][] 
 []


Overfull \hbox (33.332pt too wide) in paragraph at lines 41--42
 []\TU/lmr/m/n/13 Giảng 
 []


Overfull \hbox (22.984pt too wide) in paragraph at lines 41--42
 \TU/lmr/m/n/13 viên 
 []


Overfull \hbox (33.94301pt too wide) in paragraph at lines 41--42
 \TU/lmr/m/n/13 hướng 
 []


Overfull \hbox (20.514pt too wide) in paragraph at lines 41--42
 \TU/lmr/m/n/13 dẫn 
 []


Overfull \hbox (3.536pt too wide) in paragraph at lines 41--42
 \TU/lmr/m/n/13 : 
 []


Overfull \hbox (26.52pt too wide) in paragraph at lines 41--42
 \TU/lmr/m/n/13 Trần 
 []


Overfull \hbox (19.799pt too wide) in paragraph at lines 41--42
 \TU/lmr/m/n/13 Thị 
 []


Overfull \hbox (18.382pt too wide) in paragraph at lines 41--42
 \TU/lmr/m/n/13 Mỹ 
 []


Overfull \hbox (25.454pt too wide) in paragraph at lines 41--42
 \TU/lmr/m/n/13 Tiên 
 []




! LaTeX Error: The font size command \normalsize is not defined:
               there is probably something wrong with the class file.

See the LaTeX manual or LaTeX Companion for explanation.
Type  H <return>  for immediate help.
 ...                                              
                                                  
l.42 
     
Your command was ignored.
Type  I <command> <return>  to replace it with another command,
or  <return>  to continue without it.

[1]
Overfull \hbox (213.25206pt too wide) in paragraph at lines 45--50
 [][] 
 []


Overfull \hbox (23.01pt too wide) in paragraph at lines 53--55
 []\TU/lmr/bx/n/13 TP. 
 []


Overfull \hbox (18.759pt too wide) in paragraph at lines 53--55
 \TU/lmr/bx/n/13 Hồ 
 []


Overfull \hbox (22.763pt too wide) in paragraph at lines 53--55
 \TU/lmr/bx/n/13 Chí 
 []


Overfull \hbox (38.259pt too wide) in paragraph at lines 53--55
 \TU/lmr/bx/n/13 Minh, 
 []


Overfull \hbox (29.276pt too wide) in paragraph at lines 53--55
 \TU/lmr/bx/n/13 2026 
 []


! LaTeX Error: \begin{document} ended by \end{titlepage}.

See the LaTeX manual or LaTeX Companion for explanation.
Type  H <return>  for immediate help.
 ...                                              
                                                  
l.57 \end{titlepage}
                    
Your command was ignored.
Type  I <command> <return>  to replace it with another command,
or  <return>  to continue without it.

)
! Emergency stop.
<*> ./cover.tex
               
*** (job aborted, no legal \end found)

 
Here is how much of TeX's memory you used:
 78 strings out of 402984
 1458 string characters out of 5448712
 431411 words of memory out of 5000000
 28859 multiletter control sequences out of 15000+600000
 630513 words of font info for 56 fonts, out of 8000000 for 9000
 1348 hyphenation exceptions out of 8191
 24i,6n,24p,125b,227s stack positions out of 10000i,1000n,20000p,200000b,200000s
Output written on cover.pdf (1 page).
